// Jest Snapshot v1, https://goo.gl/fbAQLP

exports[`Access Stack Snapshot Test 1`] = `
{
  "Outputs": {
    "DeleteFunctionUrl": {
      "Value": {
        "Fn::GetAtt": [
          "DeleteFunctionFunctionUrl82E9C6E9",
          "FunctionUrl",
        ],
      },
    },
    "GetAllFunctionUrl": {
      "Value": {
        "Fn::GetAtt": [
          "GetAllFunctionFunctionUrl73FAD014",
          "FunctionUrl",
        ],
      },
    },
    "GetByIdFunctionUrl": {
      "Value": {
        "Fn::GetAtt": [
          "GetByIdFunctionFunctionUrlE832E604",
          "FunctionUrl",
        ],
      },
    },
    "InsertFunctionUrl": {
      "Value": {
        "Fn::GetAtt": [
          "InsertFunctionFunctionUrlABAD530D",
          "FunctionUrl",
        ],
      },
    },
  },
  "Parameters": {
    "BootstrapVersion": {
      "Default": "/cdk-bootstrap/hnb659fds/version",
      "Description": "Version of the CDK Bootstrap resources in this environment, automatically retrieved from SSM Parameter Store. [cdk:skip]",
      "Type": "AWS::SSM::Parameter::Value<String>",
    },
  },
  "Resources": {
    "DeleteFunction9052F8B5": {
      "DependsOn": [
        "DeleteFunctionServiceRoleDefaultPolicy702B92CD",
        "DeleteFunctionServiceRole092E9E58",
      ],
      "Properties": {
        "Architectures": [
          "arm64",
        ],
        "Code": {
          "S3Bucket": {
            "Fn::Sub": "cdk-hnb659fds-assets-\${AWS::AccountId}-\${AWS::Region}",
          },
          "S3Key": "PLACEHOLDER",
        },
        "Environment": {
          "Variables": {
            "TABLE_NAME": {
              "Fn::ImportValue": "Table-TableName",
            },
          },
        },
        "Handler": "bootstrap",
        "Role": {
          "Fn::GetAtt": [
            "DeleteFunctionServiceRole092E9E58",
            "Arn",
          ],
        },
        "Runtime": "provided.al2023",
      },
      "Type": "AWS::Lambda::Function",
    },
    "DeleteFunctionFunctionUrl82E9C6E9": {
      "Properties": {
        "AuthType": "NONE",
        "TargetFunctionArn": {
          "Fn::GetAtt": [
            "DeleteFunction9052F8B5",
            "Arn",
          ],
        },
      },
      "Type": "AWS::Lambda::Url",
    },
    "DeleteFunctionServiceRole092E9E58": {
      "Properties": {
        "AssumeRolePolicyDocument": {
          "Statement": [
            {
              "Action": "sts:AssumeRole",
              "Effect": "Allow",
              "Principal": {
                "Service": "lambda.amazonaws.com",
              },
            },
          ],
          "Version": "2012-10-17",
        },
        "ManagedPolicyArns": [
          {
            "Fn::Join": [
              "",
              [
                "arn:",
                {
                  "Ref": "AWS::Partition",
                },
                ":iam::aws:policy/service-role/AWSLambdaBasicExecutionRole",
              ],
            ],
          },
        ],
      },
      "Type": "AWS::IAM::Role",
    },
    "DeleteFunctionServiceRoleDefaultPolicy702B92CD": {
      "Properties": {
        "PolicyDocument": {
          "Statement": [
            {
              "Action": [
                "dynamodb:Query",
                "dynamodb:GetItem",
                "dynamodb:Scan",
                "dynamodb:PutItem",
                "dynamodb:UpdateItem",
              ],
              "Effect": "Allow",
              "Resource": [
                {
                  "Fn::ImportValue": "Table-TableArn",
                },
                {
                  "Fn::Join": [
                    "",
                    [
                      {
                        "Fn::ImportValue": "Table-TableArn",
                      },
                      "/index/*",
                    ],
                  ],
                },
              ],
            },
          ],
          "Version": "2012-10-17",
        },
        "PolicyName": "DeleteFunctionServiceRoleDefaultPolicy702B92CD",
        "Roles": [
          {
            "Ref": "DeleteFunctionServiceRole092E9E58",
          },
        ],
      },
      "Type": "AWS::IAM::Policy",
    },
    "DeleteFunctioninvokefunctionurlD24C9758": {
      "Properties": {
        "Action": "lambda:InvokeFunctionUrl",
        "FunctionName": {
          "Fn::GetAtt": [
            "DeleteFunction9052F8B5",
            "Arn",
          ],
        },
        "FunctionUrlAuthType": "NONE",
        "Principal": "*",
      },
      "Type": "AWS::Lambda::Permission",
    },
    "GetAllFunction07A130BE": {
      "DependsOn": [
        "GetAllFunctionServiceRoleDefaultPolicyA595CA2C",
        "GetAllFunctionServiceRole0BEC2B19",
      ],
      "Properties": {
        "Architectures": [
          "arm64",
        ],
        "Code": {
          "S3Bucket": {
            "Fn::Sub": "cdk-hnb659fds-assets-\${AWS::AccountId}-\${AWS::Region}",
          },
          "S3Key": "PLACEHOLDER",
        },
        "Environment": {
          "Variables": {
            "TABLE_NAME": {
              "Fn::ImportValue": "Table-TableName",
            },
          },
        },
        "Handler": "bootstrap",
        "Role": {
          "Fn::GetAtt": [
            "GetAllFunctionServiceRole0BEC2B19",
            "Arn",
          ],
        },
        "Runtime": "provided.al2023",
      },
      "Type": "AWS::Lambda::Function",
    },
    "GetAllFunctionFunctionUrl73FAD014": {
      "Properties": {
        "AuthType": "NONE",
        "TargetFunctionArn": {
          "Fn::GetAtt": [
            "GetAllFunction07A130BE",
            "Arn",
          ],
        },
      },
      "Type": "AWS::Lambda::Url",
    },
    "GetAllFunctionServiceRole0BEC2B19": {
      "Properties": {
        "AssumeRolePolicyDocument": {
          "Statement": [
            {
              "Action": "sts:AssumeRole",
              "Effect": "Allow",
              "Principal": {
                "Service": "lambda.amazonaws.com",
              },
            },
          ],
          "Version": "2012-10-17",
        },
        "ManagedPolicyArns": [
          {
            "Fn::Join": [
              "",
              [
                "arn:",
                {
                  "Ref": "AWS::Partition",
                },
                ":iam::aws:policy/service-role/AWSLambdaBasicExecutionRole",
              ],
            ],
          },
        ],
      },
      "Type": "AWS::IAM::Role",
    },
    "GetAllFunctionServiceRoleDefaultPolicyA595CA2C": {
      "Properties": {
        "PolicyDocument": {
          "Statement": [
            {
              "Action": [
                "dynamodb:Query",
                "dynamodb:GetItem",
                "dynamodb:Scan",
              ],
              "Effect": "Allow",
              "Resource": [
                {
                  "Fn::ImportValue": "Table-TableArn",
                },
                {
                  "Fn::Join": [
                    "",
                    [
                      {
                        "Fn::ImportValue": "Table-TableArn",
                      },
                      "/index/*",
                    ],
                  ],
                },
              ],
            },
          ],
          "Version": "2012-10-17",
        },
        "PolicyName": "GetAllFunctionServiceRoleDefaultPolicyA595CA2C",
        "Roles": [
          {
            "Ref": "GetAllFunctionServiceRole0BEC2B19",
          },
        ],
      },
      "Type": "AWS::IAM::Policy",
    },
    "GetAllFunctioninvokefunctionurl08074081": {
      "Properties": {
        "Action": "lambda:InvokeFunctionUrl",
        "FunctionName": {
          "Fn::GetAtt": [
            "GetAllFunction07A130BE",
            "Arn",
          ],
        },
        "FunctionUrlAuthType": "NONE",
        "Principal": "*",
      },
      "Type": "AWS::Lambda::Permission",
    },
    "GetByIdFunctionCCE22B29": {
      "DependsOn": [
        "GetByIdFunctionServiceRoleDefaultPolicyFF497EF9",
        "GetByIdFunctionServiceRole6F865A66",
      ],
      "Properties": {
        "Architectures": [
          "arm64",
        ],
        "Code": {
          "S3Bucket": {
            "Fn::Sub": "cdk-hnb659fds-assets-\${AWS::AccountId}-\${AWS::Region}",
          },
          "S3Key": "PLACEHOLDER",
        },
        "Environment": {
          "Variables": {
            "TABLE_NAME": {
              "Fn::ImportValue": "Table-TableName",
            },
          },
        },
        "Handler": "bootstrap",
        "Role": {
          "Fn::GetAtt": [
            "GetByIdFunctionServiceRole6F865A66",
            "Arn",
          ],
        },
        "Runtime": "provided.al2023",
      },
      "Type": "AWS::Lambda::Function",
    },
    "GetByIdFunctionFunctionUrlE832E604": {
      "Properties": {
        "AuthType": "NONE",
        "TargetFunctionArn": {
          "Fn::GetAtt": [
            "GetByIdFunctionCCE22B29",
            "Arn",
          ],
        },
      },
      "Type": "AWS::Lambda::Url",
    },
    "GetByIdFunctionServiceRole6F865A66": {
      "Properties": {
        "AssumeRolePolicyDocument": {
          "Statement": [
            {
              "Action": "sts:AssumeRole",
              "Effect": "Allow",
              "Principal": {
                "Service": "lambda.amazonaws.com",
              },
            },
          ],
          "Version": "2012-10-17",
        },
        "ManagedPolicyArns": [
          {
            "Fn::Join": [
              "",
              [
                "arn:",
                {
                  "Ref": "AWS::Partition",
                },
                ":iam::aws:policy/service-role/AWSLambdaBasicExecutionRole",
              ],
            ],
          },
        ],
      },
      "Type": "AWS::IAM::Role",
    },
    "GetByIdFunctionServiceRoleDefaultPolicyFF497EF9": {
      "Properties": {
        "PolicyDocument": {
          "Statement": [
            {
              "Action": [
                "dynamodb:Query",
                "dynamodb:GetItem",
                "dynamodb:Scan",
              ],
              "Effect": "Allow",
              "Resource": [
                {
                  "Fn::ImportValue": "Table-TableArn",
                },
                {
                  "Fn::Join": [
                    "",
                    [
                      {
                        "Fn::ImportValue": "Table-TableArn",
                      },
                      "/index/*",
                    ],
                  ],
                },
              ],
            },
          ],
          "Version": "2012-10-17",
        },
        "PolicyName": "GetByIdFunctionServiceRoleDefaultPolicyFF497EF9",
        "Roles": [
          {
            "Ref": "GetByIdFunctionServiceRole6F865A66",
          },
        ],
      },
      "Type": "AWS::IAM::Policy",
    },
    "GetByIdFunctioninvokefunctionurlA3B9F1DE": {
      "Properties": {
        "Action": "lambda:InvokeFunctionUrl",
        "FunctionName": {
          "Fn::GetAtt": [
            "GetByIdFunctionCCE22B29",
            "Arn",
          ],
        },
        "FunctionUrlAuthType": "NONE",
        "Principal": "*",
      },
      "Type": "AWS::Lambda::Permission",
    },
    "InsertFunction44D5A36F": {
      "DependsOn": [
        "InsertFunctionServiceRoleDefaultPolicy1911E434",
        "InsertFunctionServiceRole92CA57BB",
      ],
      "Properties": {
        "Architectures": [
          "arm64",
        ],
        "Code": {
          "S3Bucket": {
            "Fn::Sub": "cdk-hnb659fds-assets-\${AWS::AccountId}-\${AWS::Region}",
          },
          "S3Key": "PLACEHOLDER",
        },
        "Environment": {
          "Variables": {
            "TABLE_NAME": {
              "Fn::ImportValue": "Table-TableName",
            },
          },
        },
        "Handler": "bootstrap",
        "Role": {
          "Fn::GetAtt": [
            "InsertFunctionServiceRole92CA57BB",
            "Arn",
          ],
        },
        "Runtime": "provided.al2023",
      },
      "Type": "AWS::Lambda::Function",
    },
    "InsertFunctionFunctionUrlABAD530D": {
      "Properties": {
        "AuthType": "NONE",
        "TargetFunctionArn": {
          "Fn::GetAtt": [
            "InsertFunction44D5A36F",
            "Arn",
          ],
        },
      },
      "Type": "AWS::Lambda::Url",
    },
    "InsertFunctionServiceRole92CA57BB": {
      "Properties": {
        "AssumeRolePolicyDocument": {
          "Statement": [
            {
              "Action": "sts:AssumeRole",
              "Effect": "Allow",
              "Principal": {
                "Service": "lambda.amazonaws.com",
              },
            },
          ],
          "Version": "2012-10-17",
        },
        "ManagedPolicyArns": [
          {
            "Fn::Join": [
              "",
              [
                "arn:",
                {
                  "Ref": "AWS::Partition",
                },
                ":iam::aws:policy/service-role/AWSLambdaBasicExecutionRole",
              ],
            ],
          },
        ],
      },
      "Type": "AWS::IAM::Role",
    },
    "InsertFunctionServiceRoleDefaultPolicy1911E434": {
      "Properties": {
        "PolicyDocument": {
          "Statement": [
            {
              "Action": [
                "dynamodb:Query",
                "dynamodb:GetItem",
                "dynamodb:Scan",
                "dynamodb:PutItem",
                "dynamodb:UpdateItem",
              ],
              "Effect": "Allow",
              "Resource": [
                {
                  "Fn::ImportValue": "Table-TableArn",
                },
                {
                  "Fn::Join": [
                    "",
                    [
                      {
                        "Fn::ImportValue": "Table-TableArn",
                      },
                      "/index/*",
                    ],
                  ],
                },
              ],
            },
          ],
          "Version": "2012-10-17",
        },
        "PolicyName": "InsertFunctionServiceRoleDefaultPolicy1911E434",
        "Roles": [
          {
            "Ref": "InsertFunctionServiceRole92CA57BB",
          },
        ],
      },
      "Type": "AWS::IAM::Policy",
    },
    "InsertFunctioninvokefunctionurlE487BB5D": {
      "Properties": {
        "Action": "lambda:InvokeFunctionUrl",
        "FunctionName": {
          "Fn::GetAtt": [
            "InsertFunction44D5A36F",
            "Arn",
          ],
        },
        "FunctionUrlAuthType": "NONE",
        "Principal": "*",
      },
      "Type": "AWS::Lambda::Permission",
    },
    "LogGroup106AAD846": {
      "DeletionPolicy": "Retain",
      "Properties": {
        "LogGroupName": {
          "Fn::Join": [
            "",
            [
              "/aws/lambda/",
              {
                "Ref": "GetAllFunction07A130BE",
              },
            ],
          ],
        },
        "RetentionInDays": 3653,
      },
      "Type": "AWS::Logs::LogGroup",
      "UpdateReplacePolicy": "Retain",
    },
    "LogGroup2477F707C": {
      "DeletionPolicy": "Retain",
      "Properties": {
        "LogGroupName": {
          "Fn::Join": [
            "",
            [
              "/aws/lambda/",
              {
                "Ref": "InsertFunction44D5A36F",
              },
            ],
          ],
        },
        "RetentionInDays": 3653,
      },
      "Type": "AWS::Logs::LogGroup",
      "UpdateReplacePolicy": "Retain",
    },
    "LogGroup34356AF39": {
      "DeletionPolicy": "Retain",
      "Properties": {
        "LogGroupName": {
          "Fn::Join": [
            "",
            [
              "/aws/lambda/",
              {
                "Ref": "GetByIdFunctionCCE22B29",
              },
            ],
          ],
        },
        "RetentionInDays": 3653,
      },
      "Type": "AWS::Logs::LogGroup",
      "UpdateReplacePolicy": "Retain",
    },
    "LogGroup4A4E5F7C0": {
      "DeletionPolicy": "Retain",
      "Properties": {
        "LogGroupName": {
          "Fn::Join": [
            "",
            [
              "/aws/lambda/",
              {
                "Ref": "DeleteFunction9052F8B5",
              },
            ],
          ],
        },
        "RetentionInDays": 3653,
      },
      "Type": "AWS::Logs::LogGroup",
      "UpdateReplacePolicy": "Retain",
    },
  },
  "Rules": {
    "CheckBootstrapVersion": {
      "Assertions": [
        {
          "Assert": {
            "Fn::Not": [
              {
                "Fn::Contains": [
                  [
                    "1",
                    "2",
                    "3",
                    "4",
                    "5",
                  ],
                  {
                    "Ref": "BootstrapVersion",
                  },
                ],
              },
            ],
          },
          "AssertDescription": "CDK bootstrap stack version 6 required. Please run 'cdk bootstrap' with a recent version of the CDK CLI.",
        },
      ],
    },
  },
}
`;
